amazon.in has address 54.239.33.92
amazon.in has address 52.95.116.115
amazon.in has address 52.95.120.67
amazon.in mail is handled by 10 amazon-smtp.amazon.com.
root@node00:/lab# host office.com
office.com has address 13.107.6.156
office.com has IPv6 address 2620:1ec:a92::156
root@node00:/lab# host 156.6.107.13
Host 13.107.6.156.in-addr.arpa. not found: 3(NXDOMAIN)
root@node00:/lab# host google.com.turkey
google.com.turkey has address 23.202.231.169
google.com.turkey has address 23.217.138.110
Host google.com.turkey not found: 3(NXDOMAIN)
root@node00:/lab# host tianya.cn
tianya.cn has address 124.225.65.154
;; connection timed out; no servers could be reached
root@node00:/lab# host google.co.india
google.co.india has address 23.217.138.110
google.co.india has address 23.202.231.169
Host google.co.india not found: 3(NXDOMAIN)
root@node00:/lab# host youku.com
youku.com has address 106.11.35.97
youku.com has IPv6 address 2408:4001:f10::fd
youku.com has IPv6 address 2408:4001:f00::1af
youku.com has IPv6 address 2408:4001:f00::3a
youku.com has IPv6 address 2408:4001:f10::8
youku.com mail is handled by 20 mx2.youku.com.
youku.com mail is handled by 20 mx1.youku.com.
root@node00:/lab# host rakuten.co.
root@node00:/lab# host rakuten.com
rakuten.com has address 203.190.58.50
rakuten.com mail is handled by 0 rakuten-com.mail.protection.outlook.com.
root@node00:/lab# host rakuten.co.
root@node00:/lab# host craiglist.org
craiglist.org has address 208.82.238.129
craiglist.org mail is handled by 10 mxif.craigslist.org.
root@node00:/lab# host craigslist.org
craigslist.org has address 208.82.237.129
craigslist.org mail is handled by 10 mxicorpf.craigslist.org.
root@node00:/lab# host amazon.de
amazon.de has address 176.32.108.185
amazon.de has address 52.95.120.34
amazon.de has address 54.239.39.102
amazon.de mail is handled by 10 amazon-smtp.amazon.com.
root@node00:/lab# host nicovideo.j
nicovideo.j has address 23.217.138.110
nicovideo.j has address 23.202.231.169
Host nicovideo.j not found: 3(NXDOMAIN)
root@node00:/lab# host nicovideo.jp
nicovideo.jp has address 133.152.43.29
root@node00:/lab# host google.pl
google.pl has address 172.217.1.227
google.pl has IPv6 address 2607:f8b0:4000:816::2003
google.pl mail is handled by 30 alt2.aspmx.l.google.com.
google.pl mail is handled by 40 alt3.aspmx.l.google.com.
google.pl mail is handled by 20 alt1.aspmx.l.google.com.
google.pl mail is handled by 50 alt4.aspmx.l.google.com.
google.pl mail is handled by 10 aspmx.l.google.com.
root@node00:/lab# host soso.com
soso.com is an alias for e.proxy.sogou.com.
e.proxy.sogou.com has address 119.28.109.132
e.proxy.sogou.com has address 118.191.216.42
e.proxy.sogou.com has address 118.191.216.57
root@node00:/lab# host bilibili.com
bilibili.com has address 110.43.34.66
bilibili.com has address 120.92.174.135
bilibili.com has address 119.3.70.188
bilibili.com has address 139.159.241.37
bilibili.com has address 119.3.238.64
bilibili.com mail is handled by 5 bilibili-com.mail.protection.partner.out
n.
bilibili.com mail is handled by 10 n89-xyz.mail.protection.partner.outlook
root@node00:/lab# host dropbox.com
dropbox.com has address 162.125.248.1
dropbox.com has IPv6 address 2620:100:6040:1::a27d:f801
dropbox.com mail is handled by 10 alt4.aspmx.l.google.com.
dropbox.com mail is handled by 5 alt2.aspmx.l.google.com.
dropbox.com mail is handled by 1 aspmx.l.google.com.
dropbox.com mail is handled by 10 alt3.aspmx.l.google.com.
dropbox.com mail is handled by 5 alt1.aspmx.l.google.com.
root@node00:/lab# host xinjuanet.com
xinjuanet.com has address 108.59.12.98
root@node00:/lab# host outbrain.com
outbrain.com has address 192.82.211.254
outbrain.com has address 192.82.210.254
outbrain.com mail is handled by 20 alt1.aspmx.l.google.com.
outbrain.com mail is handled by 10 aspmx.l.google.com.
root@node00:/lab# host pixnet.net
pixnet.net has address 103.23.108.107
root@node00:/lab# host alibaba.com
alibaba.com has address 198.11.132.198
alibaba.com has address 205.204.101.142
alibaba.com mail is handled by 10 mx01.mail.alibaba.com.
alibaba.com mail is handled by 20 mx02.mail.alibaba.com.
root@node00:/lab# host alipay.com
alipay.com has address 110.75.139.5
alipay.com has address 110.75.129.5
alipay.com mail is handled by 10 mx1.alibaba-inc.com.
root@node00:/lab# host microsofto.com
microsofto.com has address 40.112.72.205
microsofto.com has address 40.76.4.15
microsofto.com has address 13.77.161.179
microsofto.com has address 40.113.200.201
microsofto.com has address 104.215.148.63
root@node00:/lab# host google.com.taiwan
google.com.taiwan has address 23.217.138.110
google.com.taiwan has address 23.202.231.169
Host google.com.taiwan not found: 3(NXDOMAIN)
root@node00:/lab# host booking.com
booking.com has address 5.57.16.220
booking.com mail is handled by 10 mxa-0032a201.gslb.pphosted.com.
booking.com mail is handled by 10 mxb-0032a201.gslb.pphosted.com.
root@node00:/lab# host googleuser.com
googleuser.com has address 23.202.231.169
googleuser.com has address 23.217.138.110
Host googleuser.com not found: 3(NXDOMAIN)
root@node00:/lab# host google.com.australia
google.com.australia has address 23.202.231.169
google.com.australia has address 23.217.138.110
Host google.com.australia not found: 3(NXDOMAIN)
root@node00:/lab# host popads.net
popads.net has address 216.21.13.12
popads.net has address 216.21.13.13
popads.net mail is handled by 0 popads-net.mail.protection.outlook.com.
root@node00:/lab# host cntv.cn
cntv.cn has address 202.108.8.151
cntv.cn is an alias for jump.cntv.cn.
cntv.cn mail is handled by 5 mxwcom.263xmail.com.
cntv.cn mail is handled by 10 mxcom.263xmail.com.
root@node00:/lab# host zhihu.com
zhihu.com has address 103.41.167.234
zhihu.com mail is handled by 10 ASPMX3.GOOGLEMAIL.COM.
zhihu.com mail is handled by 5 ALT2.ASPMX.L.GOOGLE.COM.
zhihu.com mail is handled by 10 ASPMX5.GOOGLEMAIL.COM.
zhihu.com mail is handled by 5 ALT1.ASPMX.L.GOOGLE.COM.
zhihu.com mail is handled by 10 ASPMX4.GOOGLEMAIL.COM.
zhihu.com mail is handled by 1 ASPMX.L.GOOGLE.COM.
zhihu.com mail is handled by 10 ASPMX2.GOOGLEMAIL.COM.
root@node00:/lab# host amazon.com.uk
amazon.com.uk has address 23.217.138.110
amazon.com.uk has address 23.202.231.169
Host amazon.com.uk not found: 3(NXDOMAIN)
root@node00:/lab# host diply.com
diply.com has address 151.101.65.131
diply.com has address 151.101.1.131
diply.com has address 151.101.193.131
diply.com has address 151.101.129.131
diply.com mail is handled by 1 aspmx.l.google.com.
diply.com mail is handled by 10 alt3.aspmx.l.google.com.
diply.com mail is handled by 5 alt2.aspmx.l.google.com.
diply.com mail is handled by 10 alt4.aspmx.l.google.com.
diply.com mail is handled by 5 alt1.aspmx.l.google.com.
root@node00:/lab# host coccoc.com
coccoc.com has address 123.30.175.29
coccoc.com mail is handled by 10 ALT2.ASPMX.L.GOOGLE.COM.
coccoc.com mail is handled by 5 ALT1.ASPMX.L.GOOGLE.COM.
coccoc.com mail is handled by 5 ALT2.ASPMX.L.GOOGLE.COM.
coccoc.com mail is handled by 1 ASPMX.L.GOOGLE.COM.
root@node00:/lab# host cnn.com
cnn.com has address 151.101.129.67
cnn.com has address 151.101.193.67
cnn.com has address 151.101.65.67
cnn.com has address 151.101.1.67
cnn.com has IPv6 address 2a04:4e42:200::323
cnn.com has IPv6 address 2a04:4e42:400::323
cnn.com has IPv6 address 2a04:4e42:600::323
cnn.com has IPv6 address 2a04:4e42::323
cnn.com mail is handled by 10 mxb-00241e02.gslb.pphosted.com.
cnn.com mail is handled by 10 mxa-00241e02.gslb.pphosted.com.
root@node00:/lab# host bbc.co.uk
bbc.co.uk has address 151.101.64.81
bbc.co.uk has address 151.101.192.81
bbc.co.uk has address 151.101.0.81
bbc.co.uk has address 151.101.128.81
bbc.co.uk has IPv6 address 2a04:4e42:600::81
bbc.co.uk has IPv6 address 2a04:4e42::81
bbc.co.uk has IPv6 address 2a04:4e42:400::81
bbc.co.uk has IPv6 address 2a04:4e42:200::81
bbc.co.uk mail is handled by 20 cluster1a.eu.messagelabs.com.
bbc.co.uk mail is handled by 10 cluster1.eu.messagelabs.com.
root@node00:/lab# host twitch.tv
twitch.tv has address 151.101.130.167
twitch.tv has address 151.101.194.167
twitch.tv has address 151.101.2.167
twitch.tv has address 151.101.66.167
twitch.tv mail is handled by 50 aspmx3.googlemail.com.
twitch.tv mail is handled by 20 alt1.aspmx.l.google.com.
twitch.tv mail is handled by 30 alt2.aspmx.l.google.com.
twitch.tv mail is handled by 40 aspmx2.googlemail.com.
twitch.tv mail is handled by 10 aspmx.l.google.com.
root@node00:/lab# host wikia.com
wikia.com has address 151.101.64.194
wikia.com has address 151.101.0.194
wikia.com has address 151.101.192.194
wikia.com has address 151.101.128.194
wikia.com has IPv6 address 2a04:4e42:600::194
wikia.com has IPv6 address 2a04:4e42:200::194
wikia.com has IPv6 address 2a04:4e42::194
wikia.com has IPv6 address 2a04:4e42:400::194
wikia.com mail is handled by 5 ASPMX.L.GOOGLE.COM.
wikia.com mail is handled by 10 ALT1.ASPMX.L.GOOGLE.COM.
wikia.com mail is handled by 15 ALT2.ASPMX.L.GOOGLE.COM.
root@node00:/lab# host google.co.t
google.co.t has address 23.202.231.169
google.co.t has address 23.217.138.110
Host google.co.t not found: 3(NXDOMAIN)
root@node00:/lab# host google.co.thailand
google.co.thailand has address 23.202.231.169
google.co.thailand has address 23.217.138.110
Host google.co.thailand not found: 3(NXDOMAIN)
root@node00:/lab# host google.com.argentina
google.com.argentina has address 23.217.138.110
google.com.argentina has address 23.202.231.169
Host google.com.argentina not found: 3(NXDOMAIN)
root@node00:/lab# host go.com
go.com has address 23.236.60.174
go.com mail is handled by 0 mx.go.com.cust.b.hostedemail.com.
root@node00:/lab# host google.nl
google.nl has address 172.217.14.163
google.nl has IPv6 address 2607:f8b0:4000:817::2003
google.nl mail is handled by 30 alt2.aspmx.l.google.com.
google.nl mail is handled by 10 aspmx.l.google.com.
google.nl mail is handled by 20 alt1.aspmx.l.google.com.
google.nl mail is handled by 40 alt3.aspmx.l.google.com.
google.nl mail is handled by 50 alt4.aspmx.l.google.com.
root@node00:/lab# host ebay.co.uk
ebay.co.uk has address 66.135.195.175
ebay.co.uk has address 66.135.196.249
ebay.co.uk mail is handled by 10 mx2.hc2186-24.iphmx.com.
ebay.co.uk mail is handled by 10 mx1.hc2186-24.iphmx.com.
root@node00:/lab# host kat.cr
kat.cr has address 91.195.241.136
kat.cr mail is handled by 0 localhost.
root@node00:/lab# host globo.com
globo.com has address 186.192.90.5
globo.com mail is handled by 10 mx2.globo.locaweb.com.br.
globo.com mail is handled by 20 mx3.globo.locaweb.com.br.
globo.com mail is handled by 5 mx.globo.locaweb.com.br.
root@node00:/lab# host google.com.ukraine
google.com.ukraine has address 23.202.231.169
google.com.ukraine has address 23.217.138.110
Host google.com.ukraine not found: 3(NXDOMAIN)
root@node00:/lab# host uol.com.br
uol.com.br has address 200.147.3.157
uol.com.br has IPv6 address 2804:49c:3102:401:ffff:ffff:ffff:36
uol.com.br has IPv6 address 2804:49c:3101:401:ffff:ffff:ffff:45
uol.com.br mail is handled by 10 mx.uol.com.br.
root@node00:/lab# host avito.ru
avito.ru has address 185.89.12.132
avito.ru mail is handled by 1 avito-ru.mail.protection.outlook.com.
root@node00:/lab# host google.com.colombia
google.com.colombia has address 23.217.138.110
google.com.colombia has address 23.202.231.169
Host google.com.colombia not found: 3(NXDOMAIN)
root@node00:/lab# host google.com.vietnam
google.com.vietnam has address 23.217.138.110
google.com.vietnam has address 23.202.231.169
Host google.com.vietnam not found: 3(NXDOMAIN)
root@node00:/lab# host 110.138.217.23
;; connection timed out; no servers could be reached
root@node00:/lab# host google.com.phillipines
google.com.phillipines has address 23.202.231.169
google.com.phillipines has address 23.217.138.110
Host google.com.phillipines not found: 3(NXDOMAIN)
root@node00:/lab# host doubleclickad.com
doubleclickad.com has address 23.202.231.169
doubleclickad.com has address 23.217.138.110
Host doubleclickad.com not found: 3(NXDOMAIN)
root@node00:/lab# host doubleclick.ad
doubleclick.ad has address 23.202.231.169
doubleclick.ad has address 23.217.138.110
Host doubleclick.ad not found: 3(NXDOMAIN)
root@node00:/lab# host onet.pl
onet.pl has address 213.180.141.140
onet.pl mail is handled by 1 mx.poczta.onet.pl.
root@node00:/lab# host googleadse
googleadse has address 23.217.138.110
googleadse has address 23.202.231.169
Host googleadse not found: 3(NXDOMAIN)
root@node00:/lab# host googleadse.com
googleadse.com has address 23.217.138.110
googleadse.com has address 23.202.231.169
Host googleadse.com not found: 3(NXDOMAIN)
root@node00:/lab# host accuweather.com
accuweather.com has address 104.106.4.121
accuweather.com mail is handled by 20 d177367b.ess.barracudanetworks.com.
accuweather.com mail is handled by 10 d177367a.ess.barracudanetworks.com.
root@node00:/lab# host googleweb
googleweb has address 23.202.231.169
googleweb has address 23.217.138.110
Host googleweb not found: 3(NXDOMAIN)
root@node00:/lab# host googleweb.com
googleweb.com has address 216.55.185.25
googleweb.com mail is handled by 20 mx2.googleweb.com.
googleweb.com mail is handled by 10 mx.googleweb.com.
root@node00:/lab# host answers.yahoo
answers.yahoo has address 23.202.231.169
answers.yahoo has address 23.217.138.110
Host answers.yahoo not found: 3(NXDOMAIN)
